../Core/Src/Bootloader.c:70:6:BL_Print_Message	112	static
../Core/Src/Bootloader.c:91:11:BL_UART_Fetch_Host_Command	16	static
../Core/Src/Bootloader.c:182:6:Bootloader_Jump_To_User_App	24	static,ignoring_inline_asm
../Core/Src/Bootloader.c:211:16:Bootloader_CRC_Verify	40	static
../Core/Src/Bootloader.c:238:13:Bootloader_Send_ACK	24	static
../Core/Src/Bootloader.c:246:13:Bootloader_Send_NACK	16	static
../Core/Src/Bootloader.c:252:13:Bootloader_Send_Data_To_Host	16	static
../Core/Src/Bootloader.c:257:13:Bootloader_Get_Version	32	static
../Core/Src/Bootloader.c:290:13:Bootloader_Get_Help	24	static
../Core/Src/Bootloader.c:318:13:Bootloader_Get_Chip_Identification_Number	32	static
../Core/Src/Bootloader.c:350:16:Host_Address_Verification	24	static
../Core/Src/Bootloader.c:372:13:Bootloader_Jump_To_Address	40	static
../Core/Src/Bootloader.c:426:16:CBL_STM32F103_Get_RDP_Level	40	static
../Core/Src/Bootloader.c:435:13:Bootloader_Read_Protection_Level	32	static
../Core/Src/Bootloader.c:468:16:Perform_Flash_Erase	40	static
../Core/Src/Bootloader.c:538:13:Bootloader_Erase_Flash	32	static
../Core/Src/Bootloader.c:588:16:Flash_Memory_Write_Payload	40	static
../Core/Src/Bootloader.c:645:13:Bootloader_Memory_Write	32	static
../Core/Src/Bootloader.c:715:13:Bootloader_Memory_Read	40	static
../Core/Src/Bootloader.c:755:13:Bootloader_Read_OTP	40	static
../Core/Src/Bootloader.c:795:16:Change_ROP_Level	48	static
../Core/Src/Bootloader.c:852:13:Bootloader_Change_Read_Protection_Level	32	static
../Core/Src/Bootloader.c:900:13:Bootloader_Read_Page_Protection_Status	16	static
../Core/Src/Bootloader.c:903:13:Bootloader_Enable_RW_Protection	16	static
../Core/Src/Bootloader.c:906:16:Bootloader_Write_Flag	32	static
